[17/08/2026 23:37] /t (params: )
[17/08/2026 23:37] /town venore (params: venore)
[17/08/2026 23:37] /i fire sword (params: fire sword)
[17/08/2026 23:39] /i ham (params: ham)
[17/08/2026 23:40] /t (params: )
[17/08/2026 23:51] /town venore (params: venore)
[17/08/2026 23:52] /i fire sword, 1 (params: fire sword, 1)
[17/08/2026 23:52] /i fire sword (params: fire sword)
[17/08/2026 23:52] /goto asarus (params: asarus)
[17/08/2026 23:52] /goto asnarus (params: asnarus)
[17/08/2026 23:53] /t (params: )
[18/08/2026 00:03] /i fire sword (params: fire sword)
[18/08/2026 00:03] /goto obi (params: obi)
[18/08/2026 00:03] /i backpack (params: backpack)
[18/08/2026 00:03] /i backpack (params: backpack)
[18/08/2026 00:04] /goto rotworm (params: rotworm)
[18/08/2026 00:04] /m demon (params: demon)
[18/08/2026 00:04] /s bazir (params: bazir)
[18/08/2026 00:07] /t (params: )
[18/08/2026 00:13] /i backpack (params: backpack)
[18/08/2026 00:13] /i sword (params: sword)
[18/08/2026 00:42] /i fire sword (params: fire sword)
[18/08/2026 00:43] /goto rotworm (params: rotworm)
